// Vitest Snapshot v1, https://vitest.dev/guide/snapshot.html

exports[`collect items 1`] = `
[
  2,
  2,
  0,
  [
    2,
    1,
    [
      2,
      1,
      [
        2,
        0,
        "D",
        3,
        4,
      ],
    ],
  ],
]
`;

exports[`complete state 1`] = `
[
  1,
  1,
  "heroA",
  0,
  [
    1,
    2,
    "Hero A",
    3,
    2000,
    4,
    4000,
    1,
    [
      1,
      1,
      [
        1,
        3,
        "A",
        0,
        1,
        "B",
        1,
        2,
        "C",
        2,
        3,
      ],
      0,
      [
        1,
        1,
        "A",
        0,
        [
          1,
          1,
          "AA",
          0,
          true,
        ],
      ],
    ],
    0,
    [
      1,
      1,
      90,
      0,
      true,
    ],
  ],
]
`;
