// Vitest Snapshot v1, https://vitest.dev/guide/snapshot.html

exports[`changes 1`] = `
[
  2,
  0,
  "D",
  3,
  4,
  1,
  0,
  2,
  1,
  22,
]
`;

exports[`complete state 1`] = `
[
  1,
  3,
  "A",
  0,
  1,
  "B",
  1,
  2,
  "C",
  2,
  3,
]
`;
